// Jest Snapshot v1, https://goo.gl/fbAQLP

exports[`OverTimeText Render 1`] = `
<div>
  <h4>
    Over Time will read data and components from the database and then construct the front end like Datasets "Current Analysis"
  </h4>
</div>
`;
