// Jest Snapshot v1, https://goo.gl/fbAQLP

exports[`ScoreList Render 1`] = `
<div>
  <div>
    <h1>
      0
    </h1>
    <h1>
      80.8
    </h1>
    <h3>
      lewymclay99
    </h3>
    <p>
      NIKE air max 97 OG silver bullet
    </p>
    <p>
      ¬£80.00
    </p>
    <p>
      UK 8
    </p>
    <p>
       United Kingdom
    </p>
    <p>
      LISTED 7 MINUTES AGO
    </p>
    <p>
      
    </p>
    <p>
      
    </p>
    <p />
    <a
      href="https://www.depop.com/products/lewymclay99-nike-air-max-97-og/"
    >
      https://www.depop.com/products/lewymclay99-nike-air-max-97-og/
    </a>
  </div>
  <div>
    <h1>
      1
    </h1>
    <h1>
      81.4
    </h1>
    <h3>
      jesslee
    </h3>
    <p>
      üö®EXCLUSIVEüö® Nike Air Max 97 Silver Bullet OG - 884421-001

Size: UK 8

- Well looked after and are Clean

- Minor Wear inside the heel (2nd photo)

- Plenty more use to get out of them

¬£275 @ StockX ‚Äº

https://stockx.com/nike-air-max-97-silver-bullet-2016?country=GB&currencyCode=GBP&size=13&utm_source=google&utm_medium=cpc&utm_campaign=OD-Segment-Sneakers-Returning-International(UK)&utm_campaignid=1596134760&content=302488198441&keyword=&gclid=Cj0KCQjw1Iv0BRDaARIsAGTWD1vobyJmouI6YJc73MEdB_1Qgf7d9sGcZZRXFZyXfRNLzXmQJhFZPhcaAiaFEALw_wcB























(continental, nite Jogger, stan smith, i-5923, supercourt, superstar, swift run, La, zx750, ozweego, cloudfoam, deerupt, yung, lxcon, sobacov, crazychaos, kamanda, 80's, gazelles, forest, falcon, eat, nmd, rivalry, airmax, vapormax, tn)
    </p>
    <p>
      ¬£65.00
    </p>
    <p>
      UK 8
    </p>
    <p>
       GB
    </p>
    <p>
      LISTED 37 MINUTES AGO
    </p>
    <p>
      
    </p>
    <p>
      
    </p>
    <p />
    <a
      href="https://www.depop.com/products/jesslee-exclusive-nike-air-max-97-16/"
    >
      https://www.depop.com/products/jesslee-exclusive-nike-air-max-97-16/
    </a>
  </div>
  <div>
    <h1>
      2
    </h1>
    <h1>
      72.3
    </h1>
    <h3>
      flxxmes
    </h3>
    <p>
      Nike Air Max 97 "Silver Bullet" Size 10.5

Worn Condition. No OG box. Has scuffs, dirt and paint cracking. Air bubble is sturdy and perfectly wearable.
    </p>
    <p>
      $130.00$110.50
    </p>
    <p>
      US 10.5
    </p>
    <p>
       United States
    </p>
    <p>
      LISTED 2 HOURS AGO
    </p>
    <p>
      
    </p>
    <p>
      
    </p>
    <p />
    <a
      href="https://www.depop.com/products/flxxmes-nike-air-max-97-silver/"
    >
      https://www.depop.com/products/flxxmes-nike-air-max-97-silver/
    </a>
  </div>
  <div>
    <h1>
      3
    </h1>
    <h1>
      72.3
    </h1>
    <h3>
      flxxmes
    </h3>
    <p>
      Nike Air Max 97 "Silver Bullet" Size 10.5

Worn Condition. No OG box. Has scuffs, dirt and paint cracking. Air bubble is sturdy and perfectly wearable.
    </p>
    <p>
      $130.00$110.50
    </p>
    <p>
      US 10.5
    </p>
    <p>
       United States
    </p>
    <p>
      LISTED 2 HOURS AGO
    </p>
    <p>
      
    </p>
    <p>
      
    </p>
    <p />
    <a
      href="https://www.depop.com/products/flxxmes-nike-air-max-97-silver/"
    >
      https://www.depop.com/products/flxxmes-nike-air-max-97-silver/
    </a>
  </div>
  <div>
    <h1>
      4
    </h1>
    <h1>
      77
    </h1>
    <h3>
      vintageclothingglasgow
    </h3>
    <p>
      Nike Air Max 97 Silver Bullet OG Colourway.

Size: 9

Condition: 7.5/10 Good general condition. Couple flaws but nothing major.

Delivery: Standard Hermes Courier Service (2-5 days). Priority Shipping Can be Provided on request.

All our items are hand picked with our customers in mind. If you have any questions regarding any of our items feel free to drop us a message and we will get back to you as soon as possible.
    </p>
    <p>
      ¬£50.00
    </p>
    <p>
      UK 9
    </p>
    <p>
       GB
    </p>
    <p>
      LISTED 9 HOURS AGO
    </p>
    <p>
      
    </p>
    <p>
      
    </p>
    <p />
    <a
      href="https://www.depop.com/products/vintageclothingglasgow-nike-air-max-97-silver/"
    >
      https://www.depop.com/products/vintageclothingglasgow-nike-air-max-97-silver/
    </a>
  </div>
  <div>
    <h1>
      5
    </h1>
    <h1>
      73.7
    </h1>
    <h3>
      leahorgan
    </h3>
    <p>
      Deadstock Nike Air Max 97 Silver Bullet, size 5.5, worn but in good condition and can clean before sending. Bubble at back split slightly as shown in picture but doesn‚Äôt affect wear. Message before buying, offers welcome #nike #nikeairmax #nikeairmax97 #silverbullet #airmax
    </p>
    <p>
      ¬£45.00
    </p>
    <p>
      UK 5.5
    </p>
    <p>
       United Kingdom
    </p>
    <p>
      LISTED 9 HOURS AGO
    </p>
    <p>
      
    </p>
    <p>
      
    </p>
    <p />
    <a
      href="https://www.depop.com/products/leahorgan-nike-air-max-97-silver/"
    >
      https://www.depop.com/products/leahorgan-nike-air-max-97-silver/
    </a>
  </div>
  <div>
    <h1>
      6
    </h1>
    <h1>
      75.2
    </h1>
    <h3>
      firesupplieruk
    </h3>
    <p>
      Nike Air Max 97
Silver bullet OG‚Äôs
Rare shoe
Great condition
Hard to find with the original box üî•
Open to sensible offers ü§î
 #nike #airmax #follow #silverbullet
    </p>
    <p>
      ¬£95.00
    </p>
    <p>
      UK 9
    </p>
    <p>
       United Kingdom
    </p>
    <p>
      LISTED 12 HOURS AGO
    </p>
    <p>
      
    </p>
    <p>
      
    </p>
    <p />
    <a
      href="https://www.depop.com/products/firesupplieruk-nike-airmax-97-silver-bullet/"
    >
      https://www.depop.com/products/firesupplieruk-nike-airmax-97-silver-bullet/
    </a>
  </div>
  <div>
    <h1>
      7
    </h1>
    <h1>
      67.6
    </h1>
    <h3>
      lesliehyacinth
    </h3>
    <p>
      Nike Air Max 97
Super Classic 2005 Nike Air Max 97 Silver Bullet. 100% authentic and purchased during time of release. 8/10 condition. Yellowing on sole but can easily be removed by proper cleaning. Original box not included. Size 6Y = 7/7.5 Women‚Äôs.

**ONLY BUYERS WITH 5 STAR REVIEWS! Do not purchase if you have no reviews and/or new blank account. I will refund you.**

SHIPPING $4

All sales are final
Not accountable once shipped
No trades no holds
Smoke free and pet free home

 #airmax #nike #streetwear #airmax97 #hypebeast

This is not:
Supreme bape billionaire boys club bbc vintage air Jordan Jordans
    </p>
    <p>
      $60.00
    </p>
    <p>
       
    </p>
    <p>
       United States
    </p>
    <p>
      LISTED 12 HOURS AGO
    </p>
    <p>
      
    </p>
    <p>
      
    </p>
    <p />
    <a
      href="https://www.depop.com/products/lesliehyacinth-nike-air-max-97-super/"
    >
      https://www.depop.com/products/lesliehyacinth-nike-air-max-97-super/
    </a>
  </div>
  <div>
    <h1>
      8
    </h1>
    <h1>
      75.3
    </h1>
    <h3>
      natesl
    </h3>
    <p>
      Nike Air Max 97 OG SILVER BULLET ‚òÑÔ∏è‚ú®

Size UK8.5, selling as they are too small for me now. I have worn these quite a lot but they‚Äôre in very good condition for their age because they‚Äôve been well loved. There is some yellowing to the white plastic of the lower and a couple minor scratches on the reflective upper (pics 2&4) but nothing hugely major, just general wear and tear. They have plenty of life left in them!
    </p>
    <p>
      ¬£80.00
    </p>
    <p>
      UK 8.5
    </p>
    <p />
    <p>
      LISTED 14 HOURS AGO
    </p>
    <p>
      
    </p>
    <p>
      
    </p>
    <p />
    <a
      href="https://www.depop.com/products/natesl-nike-air-max-97-og/"
    >
      https://www.depop.com/products/natesl-nike-air-max-97-og/
    </a>
  </div>
  <div>
    <h1>
      9
    </h1>
    <h1>
      77.1
    </h1>
    <h3>
      blurr_archives
    </h3>
    <p>
      Nike Air Max 97 custom ‚ÄòSilver Bullet‚Äô black midsole

Condition: 7/10 body, quite used so selling cheap
Size: UK 8.5 EUR 43 US 9.5 fits anywhere between UK8-9
Unisex
Selling cheap
NK3






 #depopshop #depopstore #nike #97s #trainers @depop
    </p>
    <p>
      ¬£35.00
    </p>
    <p>
      UK 8.5
    </p>
    <p>
       United Kingdom
    </p>
    <p>
      LISTED 14 HOURS AGO
    </p>
    <p>
      
    </p>
    <p>
      
    </p>
    <p />
    <a
      href="https://www.depop.com/products/blurr_archives-nike-air-max-97-custom-2/"
    >
      https://www.depop.com/products/blurr_archives-nike-air-max-97-custom-2/
    </a>
  </div>
  <div>
    <h1>
      10
    </h1>
    <h1>
      76.3
    </h1>
    <h3>
      imenyc
    </h3>
    <p>
      Nike Air Max 97 G Silver Bullet

Size 7Y / (Women‚Äôs 8.5)

Used w/ no soles

 #nikeairmax #nikeairmax97 #silverbullet #streetwear #hypebeast
    </p>
    <p>
      $55.00
    </p>
    <p>
      US 8.5
    </p>
    <p>
       United States
    </p>
    <p>
      LISTED 14 HOURS AGO
    </p>
    <p>
      
    </p>
    <p>
      
    </p>
    <p />
    <a
      href="https://www.depop.com/products/imenyc-nike-air-max-97-g/"
    >
      https://www.depop.com/products/imenyc-nike-air-max-97-g/
    </a>
  </div>
  <div>
    <h1>
      11
    </h1>
    <h1>
      NaN
    </h1>
    <h3>
      alenmcfly
    </h3>
    <p>
      Nike air max 97 Silver Bullet
Size: US9
Cond. 8/10
    </p>
    <p>
      CHF130.00
    </p>
    <p>
      UK 8.5
    </p>
    <p>
       Schweiz
    </p>
    <p>
      LISTED 16 HOURS AGO
    </p>
    <p>
      
    </p>
    <p>
      
    </p>
    <p />
    <a
      href="https://www.depop.com/products/alenmcfly-nike-air-max-97-silver/"
    >
      https://www.depop.com/products/alenmcfly-nike-air-max-97-silver/
    </a>
  </div>
  <div>
    <h1>
      12
    </h1>
    <h1>
      74.3
    </h1>
    <h3>
      chrissiehanson
    </h3>
    <p>
      Nike Air Max 97 silver bullet, size 5.5, very good but worn condition. Streetwear
    </p>
    <p>
      ¬£30.00¬£27.00
    </p>
    <p>
      UK 5.5
    </p>
    <p>
       United Kingdom
    </p>
    <p>
      LISTED 16 HOURS AGO
    </p>
    <p>
      
    </p>
    <p>
      
    </p>
    <p />
    <a
      href="https://www.depop.com/products/chrissiehanson-nike-air-max-97-silver/"
    >
      https://www.depop.com/products/chrissiehanson-nike-air-max-97-silver/
    </a>
  </div>
  <div>
    <h1>
      13
    </h1>
    <h1>
      73.5
    </h1>
    <h3>
      mlouisaeve
    </h3>
    <p>
      Nike air max 97‚Äôs silver bullet size 6
Selling as they are too tight, more of a size 5.5/5
Good condition
RP&P ¬£170
    </p>
    <p>
      ¬£50.00¬£42.50
    </p>
    <p>
      UK 5.5
    </p>
    <p>
       United Kingdom
    </p>
    <p>
      LISTED 18 HOURS AGO
    </p>
    <p>
      
    </p>
    <p>
      
    </p>
    <p />
    <a
      href="https://www.depop.com/products/mlouisaeve-nike-air-max-97s-silver/"
    >
      https://www.depop.com/products/mlouisaeve-nike-air-max-97s-silver/
    </a>
  </div>
  <div>
    <h1>
      14
    </h1>
    <h1>
      74
    </h1>
    <h3>
      realbossman__
    </h3>
    <p>
      Nike Air Max 97 silver bullet. Condition 7.5/10 and slightly squeaky - worn a fair amount, but no obvious flaws. only minor flaw is that there is slight wear on a couple of the laces, but these can easily be replaced. Dm offers x
    </p>
    <p>
      ¬£50.00
    </p>
    <p>
      UK 12
    </p>
    <p>
       United Kingdom
    </p>
    <p>
      LISTED 23 HOURS AGO
    </p>
    <p>
      
    </p>
    <p>
      
    </p>
    <p />
    <a
      href="https://www.depop.com/products/realbossman__-nike-air-max-97-silver/"
    >
      https://www.depop.com/products/realbossman__-nike-air-max-97-silver/
    </a>
  </div>
  <div>
    <h1>
      15
    </h1>
    <h1>
      74.62
    </h1>
    <h3>
      ccooks
    </h3>
    <p>
      Nike air max 97 silver bullet with red tick.
Sick reflective material they look dead cool when clubbing.
These are pretty well loved as you can see from the video and photos. There are marks etc which reflects the price.
Size 5.5 but I‚Äôm a 5 and they‚Äôre fine.
Sent signed for may be delays due to COVID.
Open to offers
    </p>
    <p>
      ¬£22.00
    </p>
    <p>
      UK 5.5
    </p>
    <p>
       United Kingdom
    </p>
    <p>
      LISTED 1 DAY AGO
    </p>
    <p>
      
    </p>
    <p>
      
    </p>
    <p />
    <a
      href="https://www.depop.com/products/ccooks-nike-air-max-97-silver/"
    >
      https://www.depop.com/products/ccooks-nike-air-max-97-silver/
    </a>
  </div>
  <div>
    <h1>
      16
    </h1>
    <h1>
      72.9
    </h1>
    <h3>
      ruthpark
    </h3>
    <p>
      Nike Air Max 97 Silver Bullet!! in good condition #nike #airmax97 #silverbullet #airmax #nikesilverbullet
    </p>
    <p>
      $90.00
    </p>
    <p>
      US 6.5
    </p>
    <p />
    <p>
      LISTED 1 DAY AGO
    </p>
    <p>
      
    </p>
    <p>
      
    </p>
    <p />
    <a
      href="https://www.depop.com/products/ruthpark-nike-air-max-97-silver-2/"
    >
      https://www.depop.com/products/ruthpark-nike-air-max-97-silver-2/
    </a>
  </div>
  <div>
    <h1>
      17
    </h1>
    <h1>
      73.2
    </h1>
    <h3>
      yusufff_b
    </h3>
    <p>
      Nike air max 97 QS silver bullet
Bought on drop day.
Hardly worn

Open to OFFERS and PLEASE do message me for any questions or further info. As well as before purchase.
    </p>
    <p>
      ¬£120.00
    </p>
    <p>
      UK 8
    </p>
    <p>
       United Kingdom
    </p>
    <p>
      LISTED 1 DAY AGO
    </p>
    <p>
      
    </p>
    <p>
      
    </p>
    <p />
    <a
      href="https://www.depop.com/products/yusufff_b-nike-air-max-97-qs/"
    >
      https://www.depop.com/products/yusufff_b-nike-air-max-97-qs/
    </a>
  </div>
  <div>
    <h1>
      18
    </h1>
    <h1>
      71.2
    </h1>
    <h3>
      aleyna123
    </h3>
    <p>
      Nike Air max 97 silver bullet Size 4

Hardly ever worn as you could tell from the picture
    </p>
    <p>
      ¬£70.00
    </p>
    <p>
      UK 4
    </p>
    <p>
       United Kingdom
    </p>
    <p>
      LISTED 1 DAY AGO
    </p>
    <p>
      
    </p>
    <p>
      
    </p>
    <p />
    <a
      href="https://www.depop.com/products/aleyna123-air-max-97-silver-bullet/"
    >
      https://www.depop.com/products/aleyna123-air-max-97-silver-bullet/
    </a>
  </div>
</div>
`;
