// Jest Snapshot v1, https://goo.gl/fbAQLP

exports[`ScoreText Render 1`] = `
<div>
  <h4>
    Score Element to presented in table component below
  </h4>
  <p>
    Score to be out of 100 and to indexed so the better the listing the closer to 100 it is.
  </p>
</div>
`;
